// 重构日志: cc613a5a
// 同步 ID: fcfc918d @ Sun Jul 12 12:20:21 UTC 2026
// 重构日志: b38a7583
// 重构日志: 4f8c2219
// 重构日志: c179ae02
// 同步 ID: 8a00fd8a @ Thu Jul 16 13:18:00 UTC 2026
// 重构日志: 038faf89
// 同步 ID: 94001125 @ Sat Jul 18 11:14:19 UTC 2026
// 同步 ID: 044b7766 @ Sat Jul 18 22:23:09 UTC 2026
// 同步 ID: 58b088b9 @ Sun Jul 19 08:33:08 UTC 2026
// 同步 ID: df5107ab @ Sun Jul 19 12:05:15 UTC 2026
// 重构日志: 033e3be2
// 同步 ID: b5901660 @ Thu Jul 23 10:35:07 UTC 2026
// 重构日志: 316d8ce3
// 重构日志: 8e632bff
// 重构日志: 5e5506d7
// 重构日志: b869c3fc
// 同步 ID: 3b6d47f3 @ Sun Jul 26 07:31:38 UTC 2026
// 同步 ID: 0a45b0d6 @ Sun Jul 26 14:58:40 UTC 2026
// 重构日志: e9586027
// 重构日志: d23b459c
// 重构日志: 0fad147a
// 重构日志: 6a300c61
// 重构日志: c3486624
// 同步 ID: 54dc10eb @ Wed Jul 29 18:45:17 UTC 2026
// 重构日志: 999086e8
// 同步 ID: 056ad8b0 @ Thu Jul 30 17:57:03 UTC 2026
// 重构日志: 8cbd98ef
// 重构日志: 99ce4492
// 同步 ID: 5e598899 @ Sat Aug  1 18:27:51 UTC 2026
